Archive member included to satisfy reference by file (symbol)

c:/time/mounriver/mounriver_studio/toolchain/risc-v embedded gcc/bin/../lib/gcc/riscv-none-embed/8.2.0/rv32imacxw/ilp32\libgcc.a(save-restore.o)
                              ./APP/LCD/lcd.o (__riscv_save_12)
c:/time/mounriver/mounriver_studio/toolchain/risc-v embedded gcc/bin/../lib/gcc/riscv-none-embed/8.2.0/../../../../riscv-none-embed/lib/rv32imacxw/ilp32\libg_nano.a(lib_a-memset.o)
                              ./APP/LCD/lcd.o (memset)
c:/time/mounriver/mounriver_studio/toolchain/risc-v embedded gcc/bin/../lib/gcc/riscv-none-embed/8.2.0/../../../../riscv-none-embed/lib/rv32imacxw/ilp32\libg_nano.a(lib_a-printf.o)
                              ./APP/LCD/lcd.o (printf)
c:/time/mounriver/mounriver_studio/toolchain/risc-v embedded gcc/bin/../lib/gcc/riscv-none-embed/8.2.0/../../../../riscv-none-embed/lib/rv32imacxw/ilp32\libg_nano.a(lib_a-puts.o)
                              ./APP/interrupt/interrupt.o (puts)
c:/time/mounriver/mounriver_studio/toolchain/risc-v embedded gcc/bin/../lib/gcc/riscv-none-embed/8.2.0/../../../../riscv-none-embed/lib/rv32imacxw/ilp32\libg_nano.a(lib_a-vsnprintf.o)
                              ./APP/LCD/lcd.o (vsnprintf)
c:/time/mounriver/mounriver_studio/toolchain/risc-v embedded gcc/bin/../lib/gcc/riscv-none-embed/8.2.0/../../../../riscv-none-embed/lib/rv32imacxw/ilp32\libg_nano.a(lib_a-wbuf.o)
                              c:/time/mounriver/mounriver_studio/toolchain/risc-v embedded gcc/bin/../lib/gcc/riscv-none-embed/8.2.0/../../../../riscv-none-embed/lib/rv32imacxw/ilp32\libg_nano.a(lib_a-puts.o) (__swbuf_r)
c:/time/mounriver/mounriver_studio/toolchain/risc-v embedded gcc/bin/../lib/gcc/riscv-none-embed/8.2.0/../../../../riscv-none-embed/lib/rv32imacxw/ilp32\libg_nano.a(lib_a-wsetup.o)
                              c:/time/mounriver/mounriver_studio/toolchain/risc-v embedded gcc/bin/../lib/gcc/riscv-none-embed/8.2.0/../../../../riscv-none-embed/lib/rv32imacxw/ilp32\libg_nano.a(lib_a-puts.o) (__swsetup_r)
c:/time/mounriver/mounriver_studio/toolchain/risc-v embedded gcc/bin/../lib/gcc/riscv-none-embed/8.2.0/../../../../riscv-none-embed/lib/rv32imacxw/ilp32\libg_nano.a(lib_a-fflush.o)
                              c:/time/mounriver/mounriver_studio/toolchain/risc-v embedded gcc/bin/../lib/gcc/riscv-none-embed/8.2.0/../../../../riscv-none-embed/lib/rv32imacxw/ilp32\libg_nano.a(lib_a-wbuf.o) (_fflush_r)
c:/time/mounriver/mounriver_studio/toolchain/risc-v embedded gcc/bin/../lib/gcc/riscv-none-embed/8.2.0/../../../../riscv-none-embed/lib/rv32imacxw/ilp32\libg_nano.a(lib_a-findfp.o)
                              c:/time/mounriver/mounriver_studio/toolchain/risc-v embedded gcc/bin/../lib/gcc/riscv-none-embed/8.2.0/../../../../riscv-none-embed/lib/rv32imacxw/ilp32\libg_nano.a(lib_a-printf.o) (__sinit)
c:/time/mounriver/mounriver_studio/toolchain/risc-v embedded gcc/bin/../lib/gcc/riscv-none-embed/8.2.0/../../../../riscv-none-embed/lib/rv32imacxw/ilp32\libg_nano.a(lib_a-fwalk.o)
                              c:/time/mounriver/mounriver_studio/toolchain/risc-v embedded gcc/bin/../lib/gcc/riscv-none-embed/8.2.0/../../../../riscv-none-embed/lib/rv32imacxw/ilp32\libg_nano.a(lib_a-findfp.o) (_fwalk)
c:/time/mounriver/mounriver_studio/toolchain/risc-v embedded gcc/bin/../lib/gcc/riscv-none-embed/8.2.0/../../../../riscv-none-embed/lib/rv32imacxw/ilp32\libg_nano.a(lib_a-impure.o)
                              c:/time/mounriver/mounriver_studio/toolchain/risc-v embedded gcc/bin/../lib/gcc/riscv-none-embed/8.2.0/../../../../riscv-none-embed/lib/rv32imacxw/ilp32\libg_nano.a(lib_a-fflush.o) (_global_impure_ptr)
c:/time/mounriver/mounriver_studio/toolchain/risc-v embedded gcc/bin/../lib/gcc/riscv-none-embed/8.2.0/../../../../riscv-none-embed/lib/rv32imacxw/ilp32\libg_nano.a(lib_a-makebuf.o)
                              c:/time/mounriver/mounriver_studio/toolchain/risc-v embedded gcc/bin/../lib/gcc/riscv-none-embed/8.2.0/../../../../riscv-none-embed/lib/rv32imacxw/ilp32\libg_nano.a(lib_a-wsetup.o) (__smakebuf_r)
c:/time/mounriver/mounriver_studio/toolchain/risc-v embedded gcc/bin/../lib/gcc/riscv-none-embed/8.2.0/../../../../riscv-none-embed/lib/rv32imacxw/ilp32\libg_nano.a(lib_a-nano-freer.o)
                              c:/time/mounriver/mounriver_studio/toolchain/risc-v embedded gcc/bin/../lib/gcc/riscv-none-embed/8.2.0/../../../../riscv-none-embed/lib/rv32imacxw/ilp32\libg_nano.a(lib_a-wsetup.o) (_free_r)
c:/time/mounriver/mounriver_studio/toolchain/risc-v embedded gcc/bin/../lib/gcc/riscv-none-embed/8.2.0/../../../../riscv-none-embed/lib/rv32imacxw/ilp32\libg_nano.a(lib_a-nano-mallocr.o)
                              c:/time/mounriver/mounriver_studio/toolchain/risc-v embedded gcc/bin/../lib/gcc/riscv-none-embed/8.2.0/../../../../riscv-none-embed/lib/rv32imacxw/ilp32\libg_nano.a(lib_a-findfp.o) (_malloc_r)
[...]
Memory Configuration

Name             Origin             Length             Attributes
FLASH            0x0000000000000000 0x0000000000048000 xr
RAM              0x0000000020000000 0x0000000000008000 xrw
*default*        0x0000000000000000 0xffffffffffffffff

Linker script and memory map

LOAD ./User/ch32v30x_it.o
LOAD ./User/main.o
LOAD ./User/system_ch32v30x.o
LOAD ./Startup/startup_ch32v30x_D8C.o
LOAD ./Peripheral/src/ch32v30x_adc.o
LOAD ./Peripheral/src/ch32v30x_bkp.o
LOAD ./Peripheral/src/ch32v30x_can.o
LOAD ./Peripheral/src/ch32v30x_crc.o
LOAD ./Peripheral/src/ch32v30x_dac.o
LOAD ./Peripheral/src/ch32v30x_dbgmcu.o
LOAD ./Peripheral/src/ch32v30x_dma.o
LOAD ./Peripheral/src/ch32v30x_dvp.o
LOAD ./Peripheral/src/ch32v30x_eth.o
LOAD ./Peripheral/src/ch32v30x_exti.o
LOAD ./Peripheral/src/ch32v30x_flash.o
LOAD ./Peripheral/src/ch32v30x_fsmc.o
LOAD ./Peripheral/src/ch32v30x_gpio.o
LOAD ./Peripheral/src/ch32v30x_i2c.o
LOAD ./Peripheral/src/ch32v30x_iwdg.o
LOAD ./Peripheral/src/ch32v30x_misc.o
LOAD ./Peripheral/src/ch32v30x_opa.o
LOAD ./Peripheral/src/ch32v30x_pwr.o
LOAD ./Peripheral/src/ch32v30x_rcc.o
LOAD ./Peripheral/src/ch32v30x_rng.o
LOAD ./Peripheral/src/ch32v30x_rtc.o
LOAD ./Peripheral/src/ch32v30x_sdio.o
LOAD ./Peripheral/src/ch32v30x_spi.o
LOAD ./Peripheral/src/ch32v30x_tim.o
LOAD ./Peripheral/src/ch32v30x_usart.o
LOAD ./Peripheral/src/ch32v30x_wwdg.o
LOAD ./Debug/debug.o
LOAD ./Core/core_riscv.o
LOAD ./APP/showXY/showXY.o
LOAD ./APP/interrupt/interrupt.o
LOAD ./APP/LED/led.o
LOAD ./APP/LCD/lcd.o
LOAD ./APP/KEY/key.o
LOAD ./APP/ASR/asr.o
LOAD c:/time/mounriver/mounriver_studio/toolchain/risc-v embedded gcc/bin/../lib/gcc/riscv-none-embed/8.2.0/../../../../riscv-none-embed/lib/rv32imacxw/ilp32\libm.a
LOAD c:/time/mounriver/mounriver_studio/toolchain/risc-v embedded gcc/bin/../lib/gcc/riscv-none-embed/8.2.0/rv32imacxw/ilp32\libgcc.a
LOAD c:/time/mounriver/mounriver_studio/toolchain/risc-v embedded gcc/bin/../lib/gcc/riscv-none-embed/8.2.0/../../../../riscv-none-embed/lib/rv32imacxw/ilp32\libg_nano.a
LOAD c:/time/mounriver/mounriver_studio/toolchain/risc-v embedded gcc/bin/../lib/gcc/riscv-none-embed/8.2.0/../../../../riscv-none-embed/lib/rv32imacxw/ilp32\libc_nano.a
LOAD c:/time/mounriver/mounriver_studio/toolchain/risc-v embedded gcc/bin/../lib/gcc/riscv-none-embed/8.2.0/rv32imacxw/ilp32\libgcc.a
START GROUP
LOAD c:/time/mounriver/mounriver_studio/toolchain/risc-v embedded gcc/bin/../lib/gcc/riscv-none-embed/8.2.0/rv32imacxw/ilp32\libgcc.a
LOAD c:/time/mounriver/mounriver_studio/toolchain/risc-v embedded gcc/bin/../lib/gcc/riscv-none-embed/8.2.0/../../../../riscv-none-embed/lib/rv32imacxw/ilp32\libc_nano.a
LOAD c:/time/mounriver/mounriver_studio/toolchain/risc-v embedded gcc/bin/../lib/gcc/riscv-none-embed/8.2.0/../../../../riscv-none-embed/lib/rv32imacxw/ilp32\libnosys.a
END GROUP
START GROUP
LOAD c:/time/mounriver/mounriver_studio/toolchain/risc-v embedded gcc/bin/../lib/gcc/riscv-none-embed/8.2.0/rv32imacxw/ilp32\libgcc.a
LOAD c:/time/mounriver/mounriver_studio/toolchain/risc-v embedded gcc/bin/../lib/gcc/riscv-none-embed/8.2.0/../../../../riscv-none-embed/lib/rv32imacxw/ilp32\libc_nano.a
LOAD c:/time/mounriver/mounriver_studio/toolchain/risc-v embedded gcc/bin/../lib/gcc/riscv-none-embed/8.2.0/../../../../riscv-none-embed/lib/rv32imacxw/ilp32\libnosys.a
END GROUP
                0x0000000000000800                __stack_size = 0x800
                [!provide]                        PROVIDE (_stack_size = __stack_size)

.init           0x0000000000000000       0x38
                0x0000000000000000                _sinit = .
                0x0000000000000000                . = ALIGN (0x4)
 *(SORT_NONE(.init))
 .init          0x0000000000000000       0x38 ./Startup/startup_ch32v30x_D8C.o
                0x0000000000000000                _start
                0x0000000000000038                . = ALIGN (0x4)
                0x0000000000000038                _einit = .

.vector         0x0000000000000038      0x1c8
 *(.vector)
 .vector        0x0000000000000038      0x1a0 ./Startup/startup_ch32v30x_D8C.o
                0x0000000000000200                . = ALIGN (0x40)
 *fill*         0x00000000000001d8       0x28 

.text           0x0000000000000200     0x65e4
                0x0000000000000200                . = ALIGN (0x4)
 *(.text)
 .text          0x0000000000000200       0x60 c:/time/mounriver/mounriver_studio/toolchain/risc-v embedded gcc/bin/../lib/gcc/riscv-none-embed/8.2.0/rv32imacxw/ilp32\libgcc.a(save-restore.o)
                0x0000000000000200                __riscv_save_12
                0x0000000000000208                __riscv_save_9
                0x0000000000000208                __riscv_save_11
                0x0000000000000208                __riscv_save_10
                0x0000000000000208                __riscv_save_8
                0x0000000000000216                __riscv_save_4
                0x0000000000000216                __riscv_save_6
                0x0000000000000216                __riscv_save_5
                0x0000000000000216                __riscv_save_7
                0x0000000000000230                __riscv_save_3
                0x0000000000000230                __riscv_save_2
                0x0000000000000230                __riscv_save_1
                0x0000000000000230                __riscv_save_0
                0x000000000000023c                __riscv_restore_12
                0x0000000000000240                __riscv_restore_11
                0x0000000000000240                __riscv_restore_9
                0x0000000000000240                __riscv_restore_10
                0x0000000000000240                __riscv_restore_8
                0x000000000000024a                __riscv_restore_5
                0x000000000000024a                __riscv_restore_7
                0x000000000000024a                __riscv_restore_6
                0x000000000000024a                __riscv_restore_4
                0x0000000000000254                __riscv_restore_3
                0x0000000000000254                __riscv_restore_0
                0x0000000000000254                __riscv_restore_2
                0x0000000000000254                __riscv_restore_1
 .text          0x0000000000000260       0xa8 c:/time/mounriver/mounriver_studio/toolchain/risc-v embedded gcc/bin/../lib/gcc/riscv-none-embed/8.2.0/../../../../riscv-none-embed/lib/rv32imacxw/ilp32\libg_nano.a(lib_a-memset.o)
                0x0000000000000260                memset
 *(.text.*)
 .text.NMI_Handler
                0x0000000000000308        0x4 ./User/ch32v30x_it.o
                0x0000000000000308                NMI_Handler
 .text.HardFault_Handler
                0x000000000000030c        0x2 ./User/ch32v30x_it.o
                0x000000000000030c                HardFault_Handler
 .text.startup.main
                0x000000000000030e       0x42 ./User/main.o
                0x000000000000030e                main
 .text.SystemInit
                0x0000000000000350       0xfa ./User/system_ch32v30x.o
                0x0000000000000350                SystemInit
 .text.vector_handler
                0x000000000000044a       0xbe ./Startup/startup_ch32v30x_D8C.o
                0x000000000000044e                Ecall_M_Mode_Handler
                0x0000000000000450                Ecall_U_Mode_Handler
                0x0000000000000452                Break_Point_Handler
                0x0000000000000454                SysTick_Handler
                0x0000000000000456                SW_Handler
                0x0000000000000458                WWDG_IRQHandler
                0x000000000000045a                PVD_IRQHandler
                0x000000000000045c                TAMPER_IRQHandler
                0x000000000000045e                RTC_IRQHandler
                0x0000000000000460                FLASH_IRQHandler
                0x0000000000000462                RCC_IRQHandler
                0x000000000000046e                DMA1_Channel1_IRQHandler
                0x0000000000000470                DMA1_Channel2_IRQHandler
                0x0000000000000472                DMA1_Channel3_IRQHandler
                0x0000000000000474                DMA1_Channel4_IRQHandler
                0x0000000000000476                DMA1_Channel5_IRQHandler
                0x0000000000000478                DMA1_Channel6_IRQHandler
                0x000000000000047a                DMA1_Channel7_IRQHandler
                0x000000000000047c                ADC1_2_IRQHandler
                0x000000000000047e                USB_HP_CAN1_TX_IRQHandler
                0x0000000000000480                USB_LP_CAN1_RX0_IRQHandler
                0x0000000000000482                CAN1_RX1_IRQHandler
                0x0000000000000484                CAN1_SCE_IRQHandler
                0x0000000000000488                TIM1_BRK_IRQHandler
                0x000000000000048a                TIM1_UP_IRQHandler
                0x000000000000048c                TIM1_TRG_COM_IRQHandler
                0x000000000000048e                TIM1_CC_IRQHandler
                0x0000000000000490                TIM2_IRQHandler
                0x0000000000000492                TIM3_IRQHandler
                0x0000000000000494                TIM4_IRQHandler
                0x0000000000000496                I2C1_EV_IRQHandler
                0x0000000000000498                I2C1_ER_IRQHandler
                0x000000000000049a                I2C2_EV_IRQHandler
                0x000000000000049c                I2C2_ER_IRQHandler
                0x000000000000049e                SPI1_IRQHandler
                0x00000000000004a0                SPI2_IRQHandler
                0x00000000000004a2                USART1_IRQHandler
                0x00000000000004a4                USART2_IRQHandler
                0x00000000000004a6                USART3_IRQHandler
                0x00000000000004aa                RTCAlarm_IRQHandler
                0x00000000000004ac                USBWakeUp_IRQHandler
                0x00000000000004ae                TIM8_BRK_IRQHandler
                0x00000000000004b0                TIM8_UP_IRQHandler
                0x00000000000004b2                TIM8_TRG_COM_IRQHandler
                0x00000000000004b4                TIM8_CC_IRQHandler
                0x00000000000004b6                RNG_IRQHandler
                0x00000000000004b8                FSMC_IRQHandler
                0x00000000000004ba                SDIO_IRQHandler
                0x00000000000004bc                TIM5_IRQHandler
                0x00000000000004be                SPI3_IRQHandler
                0x00000000000004c0                UART4_IRQHandler
                0x00000000000004c2                UART5_IRQHandler
                0x00000000000004c4                TIM6_IRQHandler
                0x00000000000004c6                TIM7_IRQHandler
                0x00000000000004c8                DMA2_Channel1_IRQHandler
                0x00000000000004ca                DMA2_Channel2_IRQHandler
                0x00000000000004cc                DMA2_Channel3_IRQHandler
                0x00000000000004ce                DMA2_Channel4_IRQHandler
                0x00000000000004d0                DMA2_Channel5_IRQHandler
                0x00000000000004d2                ETH_IRQHandler
                0x00000000000004d4                ETH_WKUP_IRQHandler
                0x00000000000004d6                CAN2_TX_IRQHandler
                0x00000000000004d8                CAN2_RX0_IRQHandler
                0x00000000000004da                CAN2_RX1_IRQHandler
                0x00000000000004dc                CAN2_SCE_IRQHandler
                0x00000000000004de                OTG_FS_IRQHandler
                0x00000000000004e0                USBHSWakeup_IRQHandler
                0x00000000000004e2                USBHS_IRQHandler
                0x00000000000004e4                DVP_IRQHandler
                0x00000000000004e6                UART6_IRQHandler
                0x00000000000004e8                UART7_IRQHandler
                0x00000000000004ea                UART8_IRQHandler
                0x00000000000004ec                TIM9_BRK_IRQHandler
                0x00000000000004ee                TIM9_UP_IRQHandler
                0x00000000000004f0                TIM9_TRG_COM_IRQHandler
                0x00000000000004f2                TIM9_CC_IRQHandler
                0x00000000000004f4                TIM10_BRK_IRQHandler
                0x00000000000004f6                TIM10_UP_IRQHandler
                0x00000000000004f8                TIM10_TRG_COM_IRQHandler
                0x00000000000004fa                TIM10_CC_IRQHandler
                0x00000000000004fc                DMA2_Channel6_IRQHandler
                0x00000000000004fe                DMA2_Channel7_IRQHandler
                0x0000000000000500                DMA2_Channel8_IRQHandler
                0x0000000000000502                DMA2_Channel9_IRQHandler
                0x0000000000000504                DMA2_Channel10_IRQHandler
                0x0000000000000506                DMA2_Channel11_IRQHandler
 .text.handle_reset
                0x0000000000000508       0x8a ./Startup/startup_ch32v30x_D8C.o
                0x0000000000000508                handle_reset
 .text.EXTI_Init
                0x0000000000000592       0x6a ./Peripheral/src/ch32v30x_exti.o
                0x0000000000000592                EXTI_Init
 .text.EXTI_GetITStatus
                0x00000000000005fc       0x1e ./Peripheral/src/ch32v30x_exti.o
                0x00000000000005fc                EXTI_GetITStatus
 .text.EXTI_ClearITPendingBit
                0x000000000000061a        0xa ./Peripheral/src/ch32v30x_exti.o
                0x000000000000061a                EXTI_ClearITPendingBit
 .text.FSMC_NORSRAMInit
                0x0000000000000624       0xba ./Peripheral/src/ch32v30x_fsmc.o
                0x0000000000000624                FSMC_NORSRAMInit
 .text.FSMC_NORSRAMCmd
                0x00000000000006de       0x1e ./Peripheral/src/ch32v30x_fsmc.o
                0x00000000000006de                FSMC_NORSRAMCmd
 .text.GPIO_Init
                0x00000000000006fc       0xc0 ./Peripheral/src/ch32v30x_gpio.o
                0x00000000000006fc                GPIO_Init
 .text.GPIO_ReadInputDataBit
                0x00000000000007bc        0xa ./Peripheral/src/ch32v30x_gpio.o
                0x00000000000007bc                GPIO_ReadInputDataBit
 .text.GPIO_SetBits
                0x00000000000007c6        0x4 ./Peripheral/src/ch32v30x_gpio.o
                0x00000000000007c6                GPIO_SetBits
 .text.GPIO_ResetBits
                0x00000000000007ca        0x4 ./Peripheral/src/ch32v30x_gpio.o
                0x00000000000007ca                GPIO_ResetBits
 .text.GPIO_WriteBit
                0x00000000000007ce        0xa ./Peripheral/src/ch32v30x_gpio.o
                0x00000000000007ce                GPIO_WriteBit
 .text.GPIO_EXTILineConfig
                0x00000000000007d8       0x2c ./Peripheral/src/ch32v30x_gpio.o
                0x00000000000007d8                GPIO_EXTILineConfig
 .text.NVIC_PriorityGroupConfig
                0x0000000000000804        0x6 ./Peripheral/src/ch32v30x_misc.o
                0x0000000000000804                NVIC_PriorityGroupConfig
 .text.NVIC_Init
                0x000000000000080a       0xa6 ./Peripheral/src/ch32v30x_misc.o
                0x000000000000080a                NVIC_Init
 .text.RCC_GetClocksFreq
                0x00000000000008b0      0x176 ./Peripheral/src/ch32v30x_rcc.o
                0x00000000000008b0                RCC_GetClocksFreq
 .text.RCC_AHBPeriphClockCmd
                0x0000000000000a26       0x1e ./Peripheral/src/ch32v30x_rcc.o
                0x0000000000000a26                RCC_AHBPeriphClockCmd
 .text.RCC_APB2PeriphClockCmd
                0x0000000000000a44       0x1e ./Peripheral/src/ch32v30x_rcc.o
                0x0000000000000a44                RCC_APB2PeriphClockCmd
 .text.TIM_TimeBaseInit
                0x0000000000000a62       0xaa ./Peripheral/src/ch32v30x_tim.o
                0x0000000000000a62                TIM_TimeBaseInit
 .text.TIM_OC2Init
                0x0000000000000b0c       0xae ./Peripheral/src/ch32v30x_tim.o
                0x0000000000000b0c                TIM_OC2Init
 .text.TIM_Cmd  0x0000000000000bba       0x18 ./Peripheral/src/ch32v30x_tim.o
                0x0000000000000bba                TIM_Cmd
 .text.TIM_CtrlPWMOutputs
                0x0000000000000bd2       0x16 ./Peripheral/src/ch32v30x_tim.o
                0x0000000000000bd2                TIM_CtrlPWMOutputs
 .text.TIM_ARRPreloadConfig
                0x0000000000000be8       0x1a ./Peripheral/src/ch32v30x_tim.o
                0x0000000000000be8                TIM_ARRPreloadConfig
 .text.TIM_OC2PreloadConfig
                0x0000000000000c02       0x16 ./Peripheral/src/ch32v30x_tim.o
                0x0000000000000c02                TIM_OC2PreloadConfig
 .text.TIM_SetCompare2
                0x0000000000000c18        0x4 ./Peripheral/src/ch32v30x_tim.o
                0x0000000000000c18                TIM_SetCompare2
 .text.USART_Init
                0x0000000000000c1c       0xba ./Peripheral/src/ch32v30x_usart.o
                0x0000000000000c1c                USART_Init
 .text.USART_Cmd
                0x0000000000000cd6       0x16 ./Peripheral/src/ch32v30x_usart.o
                0x0000000000000cd6                USART_Cmd
 .text.USART_SendData
                0x0000000000000cec        0x8 ./Peripheral/src/ch32v30x_usart.o
                0x0000000000000cec                USART_SendData
 .text.USART_GetFlagStatus
                0x0000000000000cf4        0xa ./Peripheral/src/ch32v30x_usart.o
                0x0000000000000cf4                USART_GetFlagStatus
 .text.Delay_Init
                0x0000000000000cfe       0x2a ./Debug/debug.o
                0x0000000000000cfe                Delay_Init
 .text.Delay_Ms
                0x0000000000000d28       0x36 ./Debug/debug.o
                0x0000000000000d28                Delay_Ms
 .text.USART_Printf_Init
                0x0000000000000d5e       0x52 ./Debug/debug.o
                0x0000000000000d5e                USART_Printf_Init
 .text._write   0x0000000000000db0       0x3a ./Debug/debug.o
                0x0000000000000db0                _write
 .text._sbrk    0x0000000000000dea       0x26 ./Debug/debug.o
                0x0000000000000dea                _sbrk
 .text.show_text
                0x0000000000000e10       0x70 ./APP/showXY/showXY.o
                0x0000000000000e10                show_text
 .text.draw_table
                0x0000000000000e80       0x64 ./APP/showXY/showXY.o
                0x0000000000000e80                draw_table
 .text.showXY_ho2
                0x0000000000000ee4      0x176 ./APP/showXY/showXY.o
                0x0000000000000ee4                showXY_ho2
 .text.sys_show
                0x000000000000105a       0x52 ./APP/showXY/showXY.o
                0x000000000000105a                sys_show
 .text.cmcu_cua_showXY1
                0x00000000000010ac       0x90 ./APP/showXY/showXY.o
                0x00000000000010ac                cmcu_cua_showXY1
 .text.cmcu_cua_showXY2
                0x000000000000113c       0x92 ./APP/showXY/showXY.o
                0x000000000000113c                cmcu_cua_showXY2
 .text.showXY_nucm
                0x00000000000011ce       0xa6 ./APP/showXY/showXY.o
                0x00000000000011ce                showXY_nucm
 .text.showXY2  0x0000000000001274       0x14 ./APP/showXY/showXY.o
                0x0000000000001274                showXY2
 .text.key_ASR01
                0x0000000000001288      0x212 ./APP/showXY/showXY.o
                0x0000000000001288                key_ASR01
 .text.nucm     0x000000000000149a        0xe ./APP/showXY/showXY.o
                0x000000000000149a                nucm
 .text.key_show
                0x00000000000014a8       0x48 ./APP/interrupt/interrupt.o
                0x00000000000014a8                key_show
 .text.show_q1  0x00000000000014f0        0xc ./APP/interrupt/interrupt.o
                0x00000000000014f0                show_q1
 .text.show_q2  0x00000000000014fc       0x10 ./APP/interrupt/interrupt.o
                0x00000000000014fc                show_q2
 .text.cmcu     0x000000000000150c       0x20 ./APP/interrupt/interrupt.o
                0x000000000000150c                cmcu
 .text.cut      0x000000000000152c       0x10 ./APP/interrupt/interrupt.o
                0x000000000000152c                cut
 .text.cut_rl   0x000000000000153c       0x10 ./APP/interrupt/interrupt.o
                0x000000000000153c                cut_rl
 .text.EXTI_INT_INIT
                0x000000000000154c      0x102 ./APP/interrupt/interrupt.o
                0x000000000000154c                EXTI_INT_INIT
 .text.EXTI0_IRQHandler
                0x000000000000164e       0x1e ./APP/interrupt/interrupt.o
                0x000000000000164e                EXTI0_IRQHandler
 .text.EXTI1_IRQHandler
                0x000000000000166c       0x1e ./APP/interrupt/interrupt.o
                0x000000000000166c                EXTI1_IRQHandler
 .text.EXTI2_IRQHandler
                0x000000000000168a       0x1e ./APP/interrupt/interrupt.o
                0x000000000000168a                EXTI2_IRQHandler
 .text.EXTI3_IRQHandler
                0x00000000000016a8       0x20 ./APP/interrupt/interrupt.o
                0x00000000000016a8                EXTI3_IRQHandler
 .text.EXTI4_IRQHandler
                0x00000000000016c8       0x1e ./APP/interrupt/interrupt.o
                0x00000000000016c8                EXTI4_IRQHandler
 .text.EXTI9_5_IRQHandler
                0x00000000000016e6       0x40 ./APP/interrupt/interrupt.o
                0x00000000000016e6                EXTI9_5_IRQHandler
 .text.EXTI15_10_IRQHandler
                0x0000000000001726       0x26 ./APP/interrupt/interrupt.o
                0x0000000000001726                EXTI15_10_IRQHandler
 .text.LED_Init
                0x000000000000174c       0x48 ./APP/LED/led.o
                0x000000000000174c                LED_Init
 .text.lcd_write_half_word
                0x0000000000001794       0x12 ./APP/LCD/lcd.o
                0x0000000000001794                lcd_write_half_word
 .text.lcd_read_data
                0x00000000000017a6       0x14 ./APP/LCD/lcd.o
                0x00000000000017a6                lcd_read_data
 .text.lcd_fsmc_init
                0x00000000000017ba       0xfa ./APP/LCD/lcd.o
                0x00000000000017ba                lcd_fsmc_init
 .text.TIM1_PWMOut_Init
                0x00000000000018b4       0x70 ./APP/LCD/lcd.o
                0x00000000000018b4                TIM1_PWMOut_Init
 .text.lcd_gpio_init
                0x0000000000001924       0x48 ./APP/LCD/lcd.o
                0x0000000000001924                lcd_gpio_init
 .text.LCD_SetBrightness
                0x000000000000196c       0x24 ./APP/LCD/lcd.o
                0x000000000000196c                LCD_SetBrightness
 .text.lcd_set_color
                0x0000000000001990        0xa ./APP/LCD/lcd.o
                0x0000000000001990                lcd_set_color
 .text.lcd_address_set
                0x000000000000199a       0x4e ./APP/LCD/lcd.o
                0x000000000000199a                lcd_address_set
 .text.lcd_clear
                0x00000000000019e8       0x3e ./APP/LCD/lcd.o
                0x00000000000019e8                lcd_clear
 .text.lcd_init
                0x0000000000001a26      0x18c ./APP/LCD/lcd.o
                0x0000000000001a26                lcd_init
 .text.lcd_draw_point
                0x0000000000001bb2       0x16 ./APP/LCD/lcd.o
                0x0000000000001bb2                lcd_draw_point
 .text.lcd_draw_point_color
                0x0000000000001bc8       0x16 ./APP/LCD/lcd.o
                0x0000000000001bc8                lcd_draw_point_color
 .text.lcd_fill
                0x0000000000001bde       0x34 ./APP/LCD/lcd.o
                0x0000000000001bde                lcd_fill
 .text.lcd_draw_line
                0x0000000000001c12       0xcc ./APP/LCD/lcd.o
                0x0000000000001c12                lcd_draw_line
 .text.lcd_show_char
                0x0000000000001cde      0x170 ./APP/LCD/lcd.o
                0x0000000000001cde                lcd_show_char
 .text.lcd_show_string
                0x0000000000001e4e       0xc6 ./APP/LCD/lcd.o
                0x0000000000001e4e                lcd_show_string
 .text.KEY_Init
                0x0000000000001f14       0xa6 ./APP/KEY/key.o
                0x0000000000001f14                KEY_Init
 .text.ASR01_Init
                0x0000000000001fba       0x74 ./APP/ASR/asr.o
                0x0000000000001fba                ASR01_Init
 .text.printf   0x000000000000202e       0x40 c:/time/mounriver/mounriver_studio/toolchain/risc-v embedded gcc/bin/../lib/gcc/riscv-none-embed/8.2.0/../../../../riscv-none-embed/lib/rv32imacxw/ilp32\libg_nano.a(lib_a-printf.o)
                0x000000000000202e                iprintf
                0x000000000000202e                printf
 .text._puts_r  0x000000000000206e       0xd4 c:/time/mounriver/mounriver_studio/toolchain/risc-v embedded gcc/bin/../lib/gcc/riscv-none-embed/8.2.0/../../../../riscv-none-embed/lib/rv32imacxw/ilp32\libg_nano.a(lib_a-puts.o)
                0x000000000000206e                _puts_r
 .text.puts     0x0000000000002142        0xa c:/time/mounriver/mounriver_studio/toolchain/risc-v embedded gcc/bin/../lib/gcc/riscv-none-embed/8.2.0/../../../../riscv-none-embed/lib/rv32imacxw/ilp32\libg_nano.a(lib_a-puts.o)
                0x0000000000002142                puts
 .text._vsnprintf_r
                0x000000000000214c       0x5c c:/time/mounriver/mounriver_studio/toolchain/risc-v embedded gcc/bin/../lib/gcc/riscv-none-embed/8.2.0/../../../../riscv-none-embed/lib/rv32imacxw/ilp32\libg_nano.a(lib_a-vsnprintf.o)
                0x000000000000214c                _vsniprintf_r
                0x000000000000214c                _vsnprintf_r
 .text.vsnprintf
                0x00000000000021a8       0x10 c:/time/mounriver/mounriver_studio/toolchain/risc-v embedded gcc/bin/../lib/gcc/riscv-none-embed/8.2.0/../../../../riscv-none-embed/lib/rv32imacxw/ilp32\libg_nano.a(lib_a-vsnprintf.o)
                0x00000000000021a8                vsniprintf
                0x00000000000021a8                vsnprintf
 .text.__swbuf_r
                0x00000000000021b8       0xbc c:/time/mounriver/mounriver_studio/toolchain/risc-v embedded gcc/bin/../lib/gcc/riscv-none-embed/8.2.0/../../../../riscv-none-embed/lib/rv32imacxw/ilp32\libg_nano.a(lib_a-wbuf.o)
                0x00000000000021b8                __swbuf_r
 .text.__swsetup_r
                0x0000000000002274       0xfc c:/time/mounriver/mounriver_studio/toolchain/risc-v embedded gcc/bin/../lib/gcc/riscv-none-embed/8.2.0/../../../../riscv-none-embed/lib/rv32imacxw/ilp32\libg_nano.a(lib_a-wsetup.o)
                0x0000000000002274                __swsetup_r
 .text.__sflush_r
                0x0000000000002370      0x130 c:/time/mounriver/mounriver_studio/toolchain/risc-v embedded gcc/bin/../lib/gcc/riscv-none-embed/8.2.0/../../../../riscv-none-embed/lib/rv32imacxw/ilp32\libg_nano.a(lib_a-fflush.o)
                0x0000000000002370                __sflush_r
 .text._fflush_r
                0x00000000000024a0       0x64 c:/time/mounriver/mounriver_studio/toolchain/risc-v embedded gcc/bin/../lib/gcc/riscv-none-embed/8.2.0/../../../../riscv-none-embed/lib/rv32imacxw/ilp32\libg_nano.a(lib_a-fflush.o)
                0x00000000000024a0                _fflush_r
 .text.std      0x0000000000002504       0x66 c:/time/mounriver/mounriver_studio/toolchain/risc-v embedded gcc/bin/../lib/gcc/riscv-none-embed/8.2.0/../../../../riscv-none-embed/lib/rv32imacxw/ilp32\libg_nano.a(lib_a-findfp.o)
 .text._cleanup_r
                0x000000000000256a        0xa c:/time/mounriver/mounriver_studio/toolchain/risc-v embedded gcc/bin/../lib/gcc/riscv-none-embed/8.2.0/../../../../riscv-none-embed/lib/rv32imacxw/ilp32\libg_nano.a(lib_a-findfp.o)
                0x000000000000256a                _cleanup_r
 .text.__sfmoreglue
                0x0000000000002574       0x46 c:/time/mounriver/mounriver_studio/toolchain/risc-v embedded gcc/bin/../lib/gcc/riscv-none-embed/8.2.0/../../../../riscv-none-embed/lib/rv32imacxw/ilp32\libg_nano.a(lib_a-findfp.o)
                0x0000000000002574                __sfmoreglue
 .text.__sinit  0x00000000000025ba       0x66 c:/time/mounriver/mounriver_studio/toolchain/risc-v embedded gcc/bin/../lib/gcc/riscv-none-embed/8.2.0/../../../../riscv-none-embed/lib/rv32imacxw/ilp32\libg_nano.a(lib_a-findfp.o)
                0x00000000000025ba                __sinit
 .text.__sfp    0x0000000000002620       0x9c c:/time/mounriver/mounriver_studio/toolchain/risc-v embedded gcc/bin/../lib/gcc/riscv-none-embed/8.2.0/../../../../riscv-none-embed/lib/rv32imacxw/ilp32\libg_nano.a(lib_a-findfp.o)
                0x0000000000002620                __sfp
 .text._fwalk_reent
                0x00000000000026bc       0x6a c:/time/mounriver/mounriver_studio/toolchain/risc-v embedded gcc/bin/../lib/gcc/riscv-none-embed/8.2.0/../../../../riscv-none-embed/lib/rv32imacxw/ilp32\libg_nano.a(lib_a-fwalk.o)
                0x00000000000026bc                _fwalk_reent
 .text.__swhatbuf_r
                0x0000000000002726       0x58 c:/time/mounriver/mounriver_studio/toolchain/risc-v embedded gcc/bin/../lib/gcc/riscv-none-embed/8.2.0/../../../../riscv-none-embed/lib/rv32imacxw/ilp32\libg_nano.a(lib_a-makebuf.o)
                0x0000000000002726                __swhatbuf_r
 .text.__smakebuf_r
                0x000000000000277e       0x90 c:/time/mounriver/mounriver_studio/toolchain/risc-v embedded gcc/bin/../lib/gcc/riscv-none-embed/8.2.0/../../../../riscv-none-embed/lib/rv32imacxw/ilp32\libg_nano.a(lib_a-makebuf.o)
                0x000000000000277e                __smakebuf_r
 .text._free_r  0x000000000000280e       0xa8 c:/time/mounriver/mounriver_studio/toolchain/risc-v embedded gcc/bin/../lib/gcc/riscv-none-embed/8.2.0/../../../../riscv-none-embed/lib/rv32imacxw/ilp32\libg_nano.a(lib_a-nano-freer.o)
                0x000000000000280e                _free_r
 .text._malloc_r
                0x00000000000028b6       0xda c:/time/mounriver/mounriver_studio/toolchain/risc-v embedded gcc/bin/../lib/gcc/riscv-none-embed/8.2.0/../../../../riscv-none-embed/lib/rv32imacxw/ilp32\libg_nano.a(lib_a-nano-mallocr.o)
                0x00000000000028b6                _malloc_r
 .text.__ssputs_r
                0x0000000000002990       0xe2 c:/time/mounriver/mounriver_studio/toolchain/risc-v embedded gcc/bin/../lib/gcc/riscv-none-embed/8.2.0/../../../../riscv-none-embed/lib/rv32imacxw/ilp32\libg_nano.a(lib_a-nano-svfprintf.o)
                0x0000000000002990                __ssputs_r
 .text._svfprintf_r
                0x0000000000002a72      0x26a c:/time/mounriver/mounriver_studio/toolchain/risc-v embedded gcc/bin/../lib/gcc/riscv-none-embed/8.2.0/../../../../riscv-none-embed/lib/rv32imacxw/ilp32\libg_nano.a(lib_a-nano-svfprintf.o)
                0x0000000000002a72                _svfiprintf_r
                0x0000000000002a72                _svfprintf_r
 .text.__sfputc_r
                0x0000000000002cdc       0x28 c:/time/mounriver/mounriver_studio/toolchain/risc-v embedded gcc/bin/../lib/gcc/riscv-none-embed/8.2.0/../../../../riscv-none-embed/lib/rv32imacxw/ilp32\libg_nano.a(lib_a-nano-vfprintf.o)
 .text.__sfputs_r
                0x0000000000002d04       0x40 c:/time/mounriver/mounriver_studio/toolchain/risc-v embedded gcc/bin/../lib/gcc/riscv-none-embed/8.2.0/../../../../riscv-none-embed/lib/rv32imacxw/ilp32\libg_nano.a(lib_a-nano-vfprintf.o)
                0x0000000000002d04                __sfputs_r
 .text._vfprintf_r
                0x0000000000002d44      0x286 c:/time/mounriver/mounriver_studio/toolchain/risc-v embedded gcc/bin/../lib/gcc/riscv-none-embed/8.2.0/../../../../riscv-none-embed/lib/rv32imacxw/ilp32\libg_nano.a(lib_a-nano-vfprintf.o)
                0x0000000000002d44                _vfprintf_r
                0x0000000000002d44                _vfiprintf_r
 .text._printf_common
                0x0000000000002fca      0x10c c:/time/mounriver/mounriver_studio/toolchain/risc-v embedded gcc/bin/../lib/gcc/riscv-none-embed/8.2.0/../../../../riscv-none-embed/lib/rv32imacxw/ilp32\libg_nano.a(lib_a-nano-vfprintf_i.o)
                0x0000000000002fca                _printf_common
 .text._printf_i
                0x00000000000030d6      0x2a2 c:/time/mounriver/mounriver_studio/toolchain/risc-v embedded gcc/bin/../lib/gcc/riscv-none-embed/8.2.0/../../../../riscv-none-embed/lib/rv32imacxw/ilp32\libg_nano.a(lib_a-nano-vfprintf_i.o)
                0x00000000000030d6                _printf_i
 .text._sbrk_r  0x0000000000003378       0x2a c:/time/mounriver/mounriver_studio/toolchain/risc-v embedded gcc/bin/../lib/gcc/riscv-none-embed/8.2.0/../../../../riscv-none-embed/lib/rv32imacxw/ilp32\libg_nano.a(lib_a-sbrkr.o)
                0x0000000000003378                _sbrk_r
 .text.__sread  0x00000000000033a2       0x2c c:/time/mounriver/mounriver_studio/toolchain/risc-v embedded gcc/bin/../lib/gcc/riscv-none-embed/8.2.0/../../../../riscv-none-embed/lib/rv32imacxw/ilp32\libg_nano.a(lib_a-stdio.o)
                0x00000000000033a2                __sread
 .text.__swrite
                0x00000000000033ce       0x48 c:/time/mounriver/mounriver_studio/toolchain/risc-v embedded gcc/bin/../lib/gcc/riscv-none-embed/8.2.0/../../../../riscv-none-embed/lib/rv32imacxw/ilp32\libg_nano.a(lib_a-stdio.o)
                0x00000000000033ce                __swrite
 .text.__sseek  0x0000000000003416       0x30 c:/time/mounriver/mounriver_studio/toolchain/risc-v embedded gcc/bin/../lib/gcc/riscv-none-embed/8.2.0/../../../../riscv-none-embed/lib/rv32imacxw/ilp32\libg_nano.a(lib_a-stdio.o)
                0x0000000000003416                __sseek
 .text.__sclose
                0x0000000000003446        0x6 c:/time/mounriver/mounriver_studio/toolchain/risc-v embedded gcc/bin/../lib/gcc/riscv-none-embed/8.2.0/../../../../riscv-none-embed/lib/rv32imacxw/ilp32\libg_nano.a(lib_a-stdio.o)
                0x0000000000003446                __sclose
 .text._write_r
                0x000000000000344c       0x2e c:/time/mounriver/mounriver_studio/toolchain/risc-v embedded gcc/bin/../lib/gcc/riscv-none-embed/8.2.0/../../../../riscv-none-embed/lib/rv32imacxw/ilp32\libg_nano.a(lib_a-writer.o)
                0x000000000000344c                _write_r
 .text._close_r
                0x000000000000347a       0x28 c:/time/mounriver/mounriver_studio/toolchain/risc-v embedded gcc/bin/../lib/gcc/riscv-none-embed/8.2.0/../../../../riscv-none-embed/lib/rv32imacxw/ilp32\libg_nano.a(lib_a-closer.o)
                0x000000000000347a                _close_r
 .text._fstat_r
                0x00000000000034a2       0x2a c:/time/mounriver/mounriver_studio/toolchain/risc-v embedded gcc/bin/../lib/gcc/riscv-none-embed/8.2.0/../../../../riscv-none-embed/lib/rv32imacxw/ilp32\libg_nano.a(lib_a-fstatr.o)
                0x00000000000034a2                _fstat_r
 .text._isatty_r
                0x00000000000034cc       0x28 c:/time/mounriver/mounriver_studio/toolchain/risc-v embedded gcc/bin/../lib/gcc/riscv-none-embed/8.2.0/../../../../riscv-none-embed/lib/rv32imacxw/ilp32\libg_nano.a(lib_a-isattyr.o)
                0x00000000000034cc                _isatty_r
 .text._lseek_r
                0x00000000000034f4       0x2c c:/time/mounriver/mounriver_studio/toolchain/risc-v embedded gcc/bin/../lib/gcc/riscv-none-embed/8.2.0/../../../../riscv-none-embed/lib/rv32imacxw/ilp32\libg_nano.a(lib_a-lseekr.o)
                0x00000000000034f4                _lseek_r
 .text.memchr   0x0000000000003520       0x18 c:/time/mounriver/mounriver_studio/toolchain/risc-v embedded gcc/bin/../lib/gcc/riscv-none-embed/8.2.0/../../../../riscv-none-embed/lib/rv32imacxw/ilp32\libg_nano.a(lib_a-memchr.o)
                0x0000000000003520                memchr
 .text.memcpy   0x0000000000003538       0xb2 c:/time/mounriver/mounriver_studio/toolchain/risc-v embedded gcc/bin/../lib/gcc/riscv-none-embed/8.2.0/../../../../riscv-none-embed/lib/rv32imacxw/ilp32\libg_nano.a(lib_a-memcpy.o)
                0x0000000000003538                memcpy
 .text.memmove  0x00000000000035ea       0x46 c:/time/mounriver/mounriver_studio/toolchain/risc-v embedded gcc/bin/../lib/gcc/riscv-none-embed/8.2.0/../../../../riscv-none-embed/lib/rv32imacxw/ilp32\libg_nano.a(lib_a-memmove.o)
                0x00000000000035ea                memmove
 .text.__malloc_lock
                0x0000000000003630        0x2 c:/time/mounriver/mounriver_studio/toolchain/risc-v embedded gcc/bin/../lib/gcc/riscv-none-embed/8.2.0/../../../../riscv-none-embed/lib/rv32imacxw/ilp32\libg_nano.a(lib_a-mlock.o)
                0x0000000000003630                __malloc_lock
 .text.__malloc_unlock
                0x0000000000003632        0x2 c:/time/mounriver/mounriver_studio/toolchain/risc-v embedded gcc/bin/../lib/gcc/riscv-none-embed/8.2.0/../../../../riscv-none-embed/lib/rv32imacxw/ilp32\libg_nano.a(lib_a-mlock.o)
                0x0000000000003632                __malloc_unlock
 .text._realloc_r
                0x0000000000003634       0x58 c:/time/mounriver/mounriver_studio/toolchain/risc-v embedded gcc/bin/../lib/gcc/riscv-none-embed/8.2.0/../../../../riscv-none-embed/lib/rv32imacxw/ilp32\libg_nano.a(lib_a-nano-reallocr.o)
                0x0000000000003634                _realloc_r
 .text._read_r  0x000000000000368c       0x2c c:/time/mounriver/mounriver_studio/toolchain/risc-v embedded gcc/bin/../lib/gcc/riscv-none-embed/8.2.0/../../../../riscv-none-embed/lib/rv32imacxw/ilp32\libg_nano.a(lib_a-readr.o)
                0x000000000000368c                _read_r
 .text._malloc_usable_size_r
                0x00000000000036b8       0x14 c:/time/mounriver/mounriver_studio/toolchain/risc-v embedded gcc/bin/../lib/gcc/riscv-none-embed/8.2.0/../../../../riscv-none-embed/lib/rv32imacxw/ilp32\libg_nano.a(lib_a-nano-msizer.o)
                0x00000000000036b8                _malloc_usable_size_r
 .text._close   0x00000000000036cc        0xc c:/time/mounriver/mounriver_studio/toolchain/risc-v embedded gcc/bin/../lib/gcc/riscv-none-embed/8.2.0/../../../../riscv-none-embed/lib/rv32imacxw/ilp32\libnosys.a(close.o)
                0x00000000000036cc                _close
 .text._fstat   0x00000000000036d8        0xc c:/time/mounriver/mounriver_studio/toolchain/risc-v embedded gcc/bin/../lib/gcc/riscv-none-embed/8.2.0/../../../../riscv-none-embed/lib/rv32imacxw/ilp32\libnosys.a(fstat.o)
                0x00000000000036d8                _fstat
 .text._isatty  0x00000000000036e4        0xc c:/time/mounriver/mounriver_studio/toolchain/risc-v embedded gcc/bin/../lib/gcc/riscv-none-embed/8.2.0/../../../../riscv-none-embed/lib/rv32imacxw/ilp32\libnosys.a(isatty.o)
                0x00000000000036e4                _isatty
 .text._lseek   0x00000000000036f0        0xc c:/time/mounriver/mounriver_studio/toolchain/risc-v embedded gcc/bin/../lib/gcc/riscv-none-embed/8.2.0/../../../../riscv-none-embed/lib/rv32imacxw/ilp32\libnosys.a(lseek.o)
                0x00000000000036f0                _lseek
 .text._read    0x00000000000036fc        0xc c:/time/mounriver/mounriver_studio/toolchain/risc-v embedded gcc/bin/../lib/gcc/riscv-none-embed/8.2.0/../../../../riscv-none-embed/lib/rv32imacxw/ilp32\libnosys.a(read.o)
                0x00000000000036fc                _read
 *(.rodata)
 *(.rodata*)
 *fill*         0x0000000000003708        0x0 
 .rodata.key_ASR01.str1.4
                0x0000000000003708        0xb ./APP/showXY/showXY.o
 *fill*         0x0000000000003713        0x1 
 .rodata.showXY_ho2.str1.4
                0x0000000000003714       0x29 ./APP/showXY/showXY.o
 *fill*         0x000000000000373d        0x3 
 .rodata.showXY_ho3.str1.4
                0x0000000000003740       0x15 ./APP/showXY/showXY.o
 *fill*         0x0000000000003755        0x3 
 .rodata.show_text.str1.4
                0x0000000000003758       0x21 ./APP/showXY/showXY.o
 *fill*         0x0000000000003779        0x3 
 .rodata.sys_show.str1.4
                0x000000000000377c        0xb ./APP/showXY/showXY.o
 *fill*         0x0000000000003787        0x1 
 .rodata.EXTI0_IRQHandler.str1.4
                0x0000000000003788        0xb ./APP/interrupt/interrupt.o
 *fill*         0x0000000000003793        0x1 
 .rodata.EXTI15_10_IRQHandler.str1.4
                0x0000000000003794        0x7 ./APP/interrupt/interrupt.o
 *fill*         0x000000000000379b        0x1 
 .rodata.EXTI1_IRQHandler.str1.4
                0x000000000000379c        0x6 ./APP/interrupt/interrupt.o
 *fill*         0x00000000000037a2        0x2 
 .rodata.EXTI2_IRQHandler.str1.4
                0x00000000000037a4        0x8 ./APP/interrupt/interrupt.o
 .rodata.EXTI3_IRQHandler.str1.4
                0x00000000000037ac        0x9 ./APP/interrupt/interrupt.o
 *fill*         0x00000000000037b5        0x3 
 .rodata.EXTI4_IRQHandler.str1.4
                0x00000000000037b8        0x8 ./APP/interrupt/interrupt.o
 .rodata.EXTI9_5_IRQHandler.str1.4
                0x00000000000037c0       0x10 ./APP/interrupt/interrupt.o
 .rodata.asc2_1608
                0x00000000000037d0      0x5e0 ./APP/LCD/lcd.o
                0x00000000000037d0                asc2_1608
 .rodata.asc2_2412
                0x0000000000003db0     0x11a0 ./APP/LCD/lcd.o
                0x0000000000003db0                asc2_2412
 .rodata.asc2_3216
                0x0000000000004f50     0x1780 ./APP/LCD/lcd.o
                0x0000000000004f50                asc2_3216
 .rodata.lcd_init.str1.4
                0x00000000000066d0        0xa ./APP/LCD/lcd.o
 *fill*         0x00000000000066da        0x2 
 .rodata.lcd_show_char.str1.4
                0x00000000000066dc       0x4a ./APP/LCD/lcd.o
 *fill*         0x0000000000006726        0x2 
 .rodata.lcd_show_string.str1.4
                0x0000000000006728       0x1e ./APP/LCD/lcd.o
 *fill*         0x0000000000006746        0x2 
 .rodata.__sf_fake_stderr
                0x0000000000006748       0x20 c:/time/mounriver/mounriver_studio/toolchain/risc-v embedded gcc/bin/../lib/gcc/riscv-none-embed/8.2.0/../../../../riscv-none-embed/lib/rv32imacxw/ilp32\libg_nano.a(lib_a-findfp.o)
                0x0000000000006748                __sf_fake_stderr
 .rodata.__sf_fake_stdin
                0x0000000000006768       0x20 c:/time/mounriver/mounriver_studio/toolchain/risc-v embedded gcc/bin/../lib/gcc/riscv-none-embed/8.2.0/../../../../riscv-none-embed/lib/rv32imacxw/ilp32\libg_nano.a(lib_a-findfp.o)
                0x0000000000006768                __sf_fake_stdin
 .rodata.__sf_fake_stdout
                0x0000000000006788       0x20 c:/time/mounriver/mounriver_studio/toolchain/risc-v embedded gcc/bin/../lib/gcc/riscv-none-embed/8.2.0/../../../../riscv-none-embed/lib/rv32imacxw/ilp32\libg_nano.a(lib_a-findfp.o)
                0x0000000000006788                __sf_fake_stdout
 .rodata._svfprintf_r.str1.4
                0x00000000000067a8       0x13 c:/time/mounriver/mounriver_studio/toolchain/risc-v embedded gcc/bin/../lib/gcc/riscv-none-embed/8.2.0/../../../../riscv-none-embed/lib/rv32imacxw/ilp32\libg_nano.a(lib_a-nano-svfprintf.o)
 .rodata._vfprintf_r.str1.4
                0x00000000000067bb       0x13 c:/time/mounriver/mounriver_studio/toolchain/risc-v embedded gcc/bin/../lib/gcc/riscv-none-embed/8.2.0/../../../../riscv-none-embed/lib/rv32imacxw/ilp32\libg_nano.a(lib_a-nano-vfprintf.o)
 *fill*         0x00000000000067bb        0x1 
 .rodata._printf_i.str1.4
                0x00000000000067bc       0x28 c:/time/mounriver/mounriver_studio/toolchain/risc-v embedded gcc/bin/../lib/gcc/riscv-none-embed/8.2.0/../../../../riscv-none-embed/lib/rv32imacxw/ilp32\libg_nano.a(lib_a-nano-vfprintf_i.o)
                                         0x25 (size before relaxing)
 *(.gnu.linkonce.t.*)
                0x00000000000067e4                . = ALIGN (0x4)

.rela.dyn       0x00000000000067e4        0x0
 .rela.init     0x00000000000067e4        0x0 ./User/ch32v30x_it.o
 .rela.vector   0x00000000000067e4        0x0 ./User/ch32v30x_it.o
 .rela.text.handle_reset
                0x00000000000067e4        0x0 ./User/ch32v30x_it.o
 .rela.text._sbrk
                0x00000000000067e4        0x0 ./User/ch32v30x_it.o
 .rela.sdata.curbrk.5218
                0x00000000000067e4        0x0 ./User/ch32v30x_it.o
 .rela.text._svfprintf_r
                0x00000000000067e4        0x0 ./User/ch32v30x_it.o
 .rela.text._vfprintf_r
                0x00000000000067e4        0x0 ./User/ch32v30x_it.o
 .rela.text._sbrk_r
                0x00000000000067e4        0x0 ./User/ch32v30x_it.o
 .rela.text._write_r
                0x00000000000067e4        0x0 ./User/ch32v30x_it.o
 .rela.text._close_r
                0x00000000000067e4        0x0 ./User/ch32v30x_it.o
 .rela.text._fstat_r
                0x00000000000067e4        0x0 ./User/ch32v30x_it.o
 .rela.text._isatty_r
                0x00000000000067e4        0x0 ./User/ch32v30x_it.o
 .rela.text._lseek_r
                0x00000000000067e4        0x0 ./User/ch32v30x_it.o
 .rela.text._read_r
                0x00000000000067e4        0x0 ./User/ch32v30x_it.o
 .rela.text._close
                0x00000000000067e4        0x0 ./User/ch32v30x_it.o
 .rela.text._fstat
                0x00000000000067e4        0x0 ./User/ch32v30x_it.o
 .rela.text._isatty
                0x00000000000067e4        0x0 ./User/ch32v30x_it.o
 .rela.text._lseek
                0x00000000000067e4        0x0 ./User/ch32v30x_it.o
 .rela.text._read
                0x00000000000067e4        0x0 ./User/ch32v30x_it.o

.fini           0x00000000000067e4        0x0
 *(SORT_NONE(.fini))
                0x00000000000067e4                . = ALIGN (0x4)
                [!provide]                        PROVIDE (_etext = .)
                [!provide]                        PROVIDE (_eitcm = .)

.preinit_array  0x00000000000067e4        0x0
                [!provide]                        PROVIDE (__preinit_array_start = .)
 *(.preinit_array)
                [!provide]                        PROVIDE (__preinit_array_end = .)

.init_array     0x00000000000067e4        0x0
                [!provide]                        PROVIDE (__init_array_start = .)
 *(SORT_BY_INIT_PRIORITY(.init_array.*) SORT_BY_INIT_PRIORITY(.ctors.*))
 *(.init_array EXCLUDE_FILE(*crtend?.o *crtend.o *crtbegin?.o *crtbegin.o) .ctors)
                [!provide]                        PROVIDE (__init_array_end = .)

.fini_array     0x00000000000067e4        0x0
                [!provide]                        PROVIDE (__fini_array_start = .)
 *(SORT_BY_INIT_PRIORITY(.fini_array.*) SORT_BY_INIT_PRIORITY(.dtors.*))
 *(.fini_array EXCLUDE_FILE(*crtend?.o *crtend.o *crtbegin?.o *crtbegin.o) .dtors)
                [!provide]                        PROVIDE (__fini_array_end = .)

.ctors
 *crtbegin.o(.ctors)
 *crtbegin?.o(.ctors)
 *(EXCLUDE_FILE(*crtend?.o *crtend.o) .ctors)
 *(SORT_BY_NAME(.ctors.*))
 *(.ctors)

.dtors
 *crtbegin.o(.dtors)
 *crtbegin?.o(.dtors)
 *(EXCLUDE_FILE(*crtend?.o *crtend.o) .dtors)
 *(SORT_BY_NAME(.dtors.*))
 *(.dtors)

.dalign         0x0000000020000000        0x0 load address 0x00000000000067e4
                0x0000000020000000                . = ALIGN (0x4)
                0x0000000020000000                PROVIDE (_data_vma = .)

.dlalign        0x00000000000067e4        0x0
                0x00000000000067e4                . = ALIGN (0x4)
                0x00000000000067e4                PROVIDE (_data_lma = .)

.data           0x0000000020000000       0x90 load address 0x00000000000067e4
 *(.gnu.linkonce.r.*)
 *(.data .data.*)
 .data.APBAHBPrescTable
                0x0000000020000000       0x10 ./Peripheral/src/ch32v30x_rcc.o
 .data.impure_data
                0x0000000020000010       0x60 c:/time/mounriver/mounriver_studio/toolchain/risc-v embedded gcc/bin/../lib/gcc/riscv-none-embed/8.2.0/../../../../riscv-none-embed/lib/rv32imacxw/ilp32\libg_nano.a(lib_a-impure.o)
 *(.gnu.linkonce.d.*)
                0x0000000020000070                . = ALIGN (0x8)
                0x0000000020000870                PROVIDE (__global_pointer$ = (. + 0x800))
 *(.sdata .sdata.*)
 .sdata.SystemCoreClock
                0x0000000020000070        0x4 ./User/system_ch32v30x.o
                0x0000000020000070                SystemCoreClock
 .sdata.ADCPrescTable
                0x0000000020000074        0x4 ./Peripheral/src/ch32v30x_rcc.o
 .sdata.curbrk.5218
                0x0000000020000078        0x4 ./Debug/debug.o
 .sdata.key_next
                0x000000002000007c        0x4 ./APP/interrupt/interrupt.o
                0x000000002000007c                key_next
 .sdata.FORE_COLOR
                0x0000000020000080        0x2 ./APP/LCD/lcd.o
                0x0000000020000080                FORE_COLOR
 *fill*         0x0000000020000082        0x2 
 .sdata._impure_ptr
                0x0000000020000084        0x4 c:/time/mounriver/mounriver_studio/toolchain/risc-v embedded gcc/bin/../lib/gcc/riscv-none-embed/8.2.0/../../../../riscv-none-embed/lib/rv32imacxw/ilp32\libg_nano.a(lib_a-impure.o)
                0x0000000020000084                _impure_ptr
 *(.sdata2.*)
 .sdata2._global_impure_ptr
                0x0000000020000088        0x4 c:/time/mounriver/mounriver_studio/toolchain/risc-v embedded gcc/bin/../lib/gcc/riscv-none-embed/8.2.0/../../../../riscv-none-embed/lib/rv32imacxw/ilp32\libg_nano.a(lib_a-impure.o)
                0x0000000020000088                _global_impure_ptr
 *(.gnu.linkonce.s.*)
                0x0000000020000090                . = ALIGN (0x8)
 *fill*         0x000000002000008c        0x4 
 *(.srodata.cst16)
 *(.srodata.cst8)
 *(.srodata.cst4)
 *(.srodata.cst2)
 *(.srodata .srodata.*)
                0x0000000020000090                . = ALIGN (0x4)
                0x0000000020000090                PROVIDE (_edata = .)

.bss            0x0000000020000090       0x34 load address 0x0000000000006874
                0x0000000020000090                . = ALIGN (0x4)
                0x0000000020000090                PROVIDE (_sbss = .)
 *(.sbss*)
 .sbss.NVIC_Priority_Group
                0x0000000020000090        0x4 ./Peripheral/src/ch32v30x_misc.o
                0x0000000020000090                NVIC_Priority_Group
 .sbss.p_ms     0x0000000020000094        0x2 ./Debug/debug.o
 .sbss.p_us     0x0000000020000096        0x1 ./Debug/debug.o
 *fill*         0x0000000020000097        0x1 
 .sbss.ASR_NOY  0x0000000020000098        0x4 ./APP/showXY/showXY.o
                0x0000000020000098                ASR_NOY
 .sbss.K1       0x000000002000009c        0x4 ./APP/showXY/showXY.o
                0x000000002000009c                K1
 .sbss.K2       0x00000000200000a0        0x4 ./APP/showXY/showXY.o
                0x00000000200000a0                K2
 .sbss.K3       0x00000000200000a4        0x4 ./APP/showXY/showXY.o
                0x00000000200000a4                K3
 .sbss.data_num
                0x00000000200000a8        0x4 ./APP/interrupt/interrupt.o
                0x00000000200000a8                data_num
 .sbss.key_ok   0x00000000200000ac        0x4 ./APP/interrupt/interrupt.o
                0x00000000200000ac                key_ok
 .sbss.num      0x00000000200000b0        0x4 ./APP/interrupt/interrupt.o
                0x00000000200000b0                num
 .sbss.BACK_COLOR
                0x00000000200000b4        0x2 ./APP/LCD/lcd.o
                0x00000000200000b4                BACK_COLOR
 *fill*         0x00000000200000b6        0x2 
 .sbss.__malloc_free_list
                0x00000000200000b8        0x4 c:/time/mounriver/mounriver_studio/toolchain/risc-v embedded gcc/bin/../lib/gcc/riscv-none-embed/8.2.0/../../../../riscv-none-embed/lib/rv32imacxw/ilp32\libg_nano.a(lib_a-nano-mallocr.o)
                0x00000000200000b8                __malloc_free_list
 .sbss.__malloc_sbrk_start
                0x00000000200000bc        0x4 c:/time/mounriver/mounriver_studio/toolchain/risc-v embedded gcc/bin/../lib/gcc/riscv-none-embed/8.2.0/../../../../riscv-none-embed/lib/rv32imacxw/ilp32\libg_nano.a(lib_a-nano-mallocr.o)
                0x00000000200000bc                __malloc_sbrk_start
 *(.gnu.linkonce.sb.*)
 *(.bss*)
 *(.gnu.linkonce.b.*)
 *(COMMON*)
 COMMON         0x00000000200000c0        0x4 c:/time/mounriver/mounriver_studio/toolchain/risc-v embedded gcc/bin/../lib/gcc/riscv-none-embed/8.2.0/../../../../riscv-none-embed/lib/rv32imacxw/ilp32\libg_nano.a(lib_a-reent.o)
                0x00000000200000c0                errno
                0x00000000200000c4                . = ALIGN (0x4)
                0x00000000200000c4                PROVIDE (_ebss = .)
                0x00000000200000c4                PROVIDE (_end = _ebss)
                [!provide]                        PROVIDE (end = .)

.stack          0x0000000020007800      0x800
                0x0000000020007800                PROVIDE (_heap_end = .)
                0x0000000020007800                . = ALIGN (0x4)
                [!provide]                        PROVIDE (_susrstack = .)
                0x0000000020008000                . = (. + __stack_size)
 *fill*         0x0000000020007800      0x800 
                0x0000000020008000                PROVIDE (_eusrstack = .)
OUTPUT(CH32V307VCT6.elf elf32-littleriscv)

.debug_info     0x0000000000000000    0x13f57
 .debug_info    0x0000000000000000      0x962 ./User/ch32v30x_it.o
 .debug_info    0x0000000000000962      0xa7a ./User/main.o
 .debug_info    0x00000000000013dc      0xb89 ./User/system_ch32v30x.o
 .debug_info    0x0000000000001f65       0x22 ./Startup/startup_ch32v30x_D8C.o
 .debug_info    0x0000000000001f87      0xc0d ./Peripheral/src/ch32v30x_exti.o
 .debug_info    0x0000000000002b94     0x104d ./Peripheral/src/ch32v30x_fsmc.o
 .debug_info    0x0000000000003be1     0x1093 ./Peripheral/src/ch32v30x_gpio.o
 .debug_info    0x0000000000004c74      0xf72 ./Peripheral/src/ch32v30x_misc.o
 .debug_info    0x0000000000005be6     0x156e ./Peripheral/src/ch32v30x_rcc.o
 .debug_info    0x0000000000007154     0x2a16 ./Peripheral/src/ch32v30x_tim.o
 .debug_info    0x0000000000009b6a     0x1420 ./Peripheral/src/ch32v30x_usart.o
 .debug_info    0x000000000000af8a      0xf1c ./Debug/debug.o
 .debug_info    0x000000000000bea6     0x1c01 ./APP/showXY/showXY.o
 .debug_info    0x000000000000daa7     0x14bd ./APP/interrupt/interrupt.o
 .debug_info    0x000000000000ef64      0xb3c ./APP/LED/led.o
 .debug_info    0x000000000000faa0     0x29ea ./APP/LCD/lcd.o
 .debug_info    0x000000000001248a      0xf29 ./APP/KEY/key.o
 .debug_info    0x00000000000133b3      0xba4 ./APP/ASR/asr.o

.debug_abbrev   0x0000000000000000     0x3181
 .debug_abbrev  0x0000000000000000      0x1cf ./User/ch32v30x_it.o
 .debug_abbrev  0x00000000000001cf      0x20a ./User/main.o
 .debug_abbrev  0x00000000000003d9      0x2c0 ./User/system_ch32v30x.o
 .debug_abbrev  0x0000000000000699       0x12 ./Startup/startup_ch32v30x_D8C.o
 .debug_abbrev  0x00000000000006ab      0x2da ./Peripheral/src/ch32v30x_exti.o
 .debug_abbrev  0x0000000000000985      0x2d9 ./Peripheral/src/ch32v30x_fsmc.o
 .debug_abbrev  0x0000000000000c5e      0x309 ./Peripheral/src/ch32v30x_gpio.o
 .debug_abbrev  0x0000000000000f67      0x2fb ./Peripheral/src/ch32v30x_misc.o
 .debug_abbrev  0x0000000000001262      0x351 ./Peripheral/src/ch32v30x_rcc.o
 .debug_abbrev  0x00000000000015b3      0x408 ./Peripheral/src/ch32v30x_tim.o
 .debug_abbrev  0x00000000000019bb      0x312 ./Peripheral/src/ch32v30x_usart.o
 .debug_abbrev  0x0000000000001ccd      0x2f9 ./Debug/debug.o
 .debug_abbrev  0x0000000000001fc6      0x2bd ./APP/showXY/showXY.o
 .debug_abbrev  0x0000000000002283      0x337 ./APP/interrupt/interrupt.o
 .debug_abbrev  0x00000000000025ba      0x260 ./APP/LED/led.o
 .debug_abbrev  0x000000000000281a      0x478 ./APP/LCD/lcd.o
 .debug_abbrev  0x0000000000002c92      0x28f ./APP/KEY/key.o
 .debug_abbrev  0x0000000000002f21      0x260 ./APP/ASR/asr.o

.debug_aranges  0x0000000000000000      0xa98
 .debug_aranges
                0x0000000000000000       0x28 ./User/ch32v30x_it.o
 .debug_aranges
                0x0000000000000028       0x20 ./User/main.o
 .debug_aranges
                0x0000000000000048       0x28 ./User/system_ch32v30x.o
 .debug_aranges
                0x0000000000000070       0x30 ./Startup/startup_ch32v30x_D8C.o
 .debug_aranges
                0x00000000000000a0       0x50 ./Peripheral/src/ch32v30x_exti.o
 .debug_aranges
                0x00000000000000f0       0x90 ./Peripheral/src/ch32v30x_fsmc.o
 .debug_aranges
                0x0000000000000180       0xa8 ./Peripheral/src/ch32v30x_gpio.o
 .debug_aranges
                0x0000000000000228       0x28 ./Peripheral/src/ch32v30x_misc.o
 .debug_aranges
                0x0000000000000250      0x1a8 ./Peripheral/src/ch32v30x_rcc.o
 .debug_aranges
                0x00000000000003f8      0x2d0 ./Peripheral/src/ch32v30x_tim.o
 .debug_aranges
                0x00000000000006c8      0x100 ./Peripheral/src/ch32v30x_usart.o
 .debug_aranges
                0x00000000000007c8       0x48 ./Debug/debug.o
 .debug_aranges
                0x0000000000000810       0x90 ./APP/showXY/showXY.o
 .debug_aranges
                0x00000000000008a0       0xa0 ./APP/interrupt/interrupt.o
 .debug_aranges
                0x0000000000000940       0x20 ./APP/LED/led.o
 .debug_aranges
                0x0000000000000960       0xf0 ./APP/LCD/lcd.o
 .debug_aranges
                0x0000000000000a50       0x28 ./APP/KEY/key.o
 .debug_aranges
                0x0000000000000a78       0x20 ./APP/ASR/asr.o

.debug_ranges   0x0000000000000000      0xa80
 .debug_ranges  0x0000000000000000       0x18 ./User/ch32v30x_it.o
 .debug_ranges  0x0000000000000018       0x10 ./User/main.o
 .debug_ranges  0x0000000000000028       0x38 ./User/system_ch32v30x.o
 .debug_ranges  0x0000000000000060       0x28 ./Startup/startup_ch32v30x_D8C.o
 .debug_ranges  0x0000000000000088       0x40 ./Peripheral/src/ch32v30x_exti.o
 .debug_ranges  0x00000000000000c8       0x80 ./Peripheral/src/ch32v30x_fsmc.o
 .debug_ranges  0x0000000000000148       0x98 ./Peripheral/src/ch32v30x_gpio.o
 .debug_ranges  0x00000000000001e0       0x48 ./Peripheral/src/ch32v30x_misc.o
 .debug_ranges  0x0000000000000228      0x198 ./Peripheral/src/ch32v30x_rcc.o
 .debug_ranges  0x00000000000003c0      0x2f0 ./Peripheral/src/ch32v30x_tim.o
 .debug_ranges  0x00000000000006b0       0xf0 ./Peripheral/src/ch32v30x_usart.o
 .debug_ranges  0x00000000000007a0       0x38 ./Debug/debug.o
 .debug_ranges  0x00000000000007d8       0x98 ./APP/showXY/showXY.o
 .debug_ranges  0x0000000000000870       0x90 ./APP/interrupt/interrupt.o
 .debug_ranges  0x0000000000000900       0x10 ./APP/LED/led.o
 .debug_ranges  0x0000000000000910      0x148 ./APP/LCD/lcd.o
 .debug_ranges  0x0000000000000a58       0x18 ./APP/KEY/key.o
 .debug_ranges  0x0000000000000a70       0x10 ./APP/ASR/asr.o

.debug_line     0x0000000000000000     0xea5d
 .debug_line    0x0000000000000000      0x257 ./User/ch32v30x_it.o
 .debug_line    0x0000000000000257      0x5d9 ./User/main.o
 .debug_line    0x0000000000000830      0x7b7 ./User/system_ch32v30x.o
 .debug_line    0x0000000000000fe7      0x356 ./Startup/startup_ch32v30x_D8C.o
 .debug_line    0x000000000000133d      0x63a ./Peripheral/src/ch32v30x_exti.o
 .debug_line    0x0000000000001977      0xe96 ./Peripheral/src/ch32v30x_fsmc.o
 .debug_line    0x000000000000280d      0xda8 ./Peripheral/src/ch32v30x_gpio.o
 .debug_line    0x00000000000035b5      0x535 ./Peripheral/src/ch32v30x_misc.o
 .debug_line    0x0000000000003aea     0x19ed ./Peripheral/src/ch32v30x_rcc.o
 .debug_line    0x00000000000054d7     0x335a ./Peripheral/src/ch32v30x_tim.o
 .debug_line    0x0000000000008831     0x108b ./Peripheral/src/ch32v30x_usart.o
 .debug_line    0x00000000000098bc      0x767 ./Debug/debug.o
 .debug_line    0x000000000000a023      0xb6c ./APP/showXY/showXY.o
 .debug_line    0x000000000000ab8f      0xb81 ./APP/interrupt/interrupt.o
 .debug_line    0x000000000000b710      0x3b6 ./APP/LED/led.o
 .debug_line    0x000000000000bac6     0x2248 ./APP/LCD/lcd.o
 .debug_line    0x000000000000dd0e      0x8d5 ./APP/KEY/key.o
 .debug_line    0x000000000000e5e3      0x47a ./APP/ASR/asr.o

.debug_str      0x0000000000000000     0x33a9
 .debug_str     0x0000000000000000      0x568 ./User/ch32v30x_it.o
                                        0x5cf (size before relaxing)
 .debug_str     0x0000000000000568       0x9f ./User/main.o
                                        0x644 (size before relaxing)
 .debug_str     0x0000000000000607      0x120 ./User/system_ch32v30x.o
                                        0x6e5 (size before relaxing)
 .debug_str     0x0000000000000727       0x2e ./Startup/startup_ch32v30x_D8C.o
                                         0x83 (size before relaxing)
 .debug_str     0x0000000000000755      0x1ea ./Peripheral/src/ch32v30x_exti.o
                                        0x7a6 (size before relaxing)
 .debug_str     0x000000000000093f      0x4e6 ./Peripheral/src/ch32v30x_fsmc.o
                                        0xae1 (size before relaxing)
 .debug_str     0x0000000000000e25      0x38d ./Peripheral/src/ch32v30x_gpio.o
                                        0x98a (size before relaxing)
 .debug_str     0x00000000000011b2      0x6eb ./Peripheral/src/ch32v30x_misc.o
                                        0xce4 (size before relaxing)
 .debug_str     0x000000000000189d      0x5e2 ./Peripheral/src/ch32v30x_rcc.o
                                        0xce3 (size before relaxing)
 .debug_str     0x0000000000001e7f      0xb96 ./Peripheral/src/ch32v30x_tim.o
                                       0x1294 (size before relaxing)
 .debug_str     0x0000000000002a15      0x41c ./Peripheral/src/ch32v30x_usart.o
                                        0xb30 (size before relaxing)
 .debug_str     0x0000000000002e31       0x9b ./Debug/debug.o
                                        0x918 (size before relaxing)
 .debug_str     0x0000000000002ecc       0xe5 ./APP/showXY/showXY.o
                                        0x718 (size before relaxing)
 .debug_str     0x0000000000002fb1      0x134 ./APP/interrupt/interrupt.o
                                        0xf92 (size before relaxing)
 .debug_str     0x00000000000030e5       0x11 ./APP/LED/led.o
                                        0x74d (size before relaxing)
 .debug_str     0x00000000000030f6      0x291 ./APP/LCD/lcd.o
                                        0xf76 (size before relaxing)
 .debug_str     0x0000000000003387       0x11 ./APP/KEY/key.o
                                        0x76c (size before relaxing)
 .debug_str     0x0000000000003398       0x11 ./APP/ASR/asr.o
                                        0x768 (size before relaxing)

.comment        0x0000000000000000       0x33
 .comment       0x0000000000000000       0x33 ./User/ch32v30x_it.o
                                         0x34 (size before relaxing)
 .comment       0x0000000000000033       0x34 ./User/main.o
 .comment       0x0000000000000033       0x34 ./User/system_ch32v30x.o
 .comment       0x0000000000000033       0x34 ./Peripheral/src/ch32v30x_exti.o
 .comment       0x0000000000000033       0x34 ./Peripheral/src/ch32v30x_fsmc.o
 .comment       0x0000000000000033       0x34 ./Peripheral/src/ch32v30x_gpio.o
 .comment       0x0000000000000033       0x34 ./Peripheral/src/ch32v30x_misc.o
 .comment       0x0000000000000033       0x34 ./Peripheral/src/ch32v30x_rcc.o
 .comment       0x0000000000000033       0x34 ./Peripheral/src/ch32v30x_tim.o
 .comment       0x0000000000000033       0x34 ./Peripheral/src/ch32v30x_usart.o
 .comment       0x0000000000000033       0x34 ./Debug/debug.o
 .comment       0x0000000000000033       0x34 ./APP/showXY/showXY.o
 .comment       0x0000000000000033       0x34 ./APP/interrupt/interrupt.o
 .comment       0x0000000000000033       0x34 ./APP/LED/led.o
 .comment       0x0000000000000033       0x34 ./APP/LCD/lcd.o
 .comment       0x0000000000000033       0x34 ./APP/KEY/key.o
 .comment       0x0000000000000033       0x34 ./APP/ASR/asr.o

.debug_frame    0x0000000000000000     0x2268
 .debug_frame   0x0000000000000000       0x30 ./User/ch32v30x_it.o
 .debug_frame   0x0000000000000030       0x28 ./User/main.o
 .debug_frame   0x0000000000000058       0x3c ./User/system_ch32v30x.o
 .debug_frame   0x0000000000000094       0x90 ./Peripheral/src/ch32v30x_exti.o
 .debug_frame   0x0000000000000124      0x100 ./Peripheral/src/ch32v30x_fsmc.o
 .debug_frame   0x0000000000000224      0x148 ./Peripheral/src/ch32v30x_gpio.o
 .debug_frame   0x000000000000036c       0x30 ./Peripheral/src/ch32v30x_misc.o
 .debug_frame   0x000000000000039c      0x344 ./Peripheral/src/ch32v30x_rcc.o
 .debug_frame   0x00000000000006e0      0x614 ./Peripheral/src/ch32v30x_tim.o
 .debug_frame   0x0000000000000cf4      0x204 ./Peripheral/src/ch32v30x_usart.o
 .debug_frame   0x0000000000000ef8       0x9c ./Debug/debug.o
 .debug_frame   0x0000000000000f94      0x1e8 ./APP/showXY/showXY.o
 .debug_frame   0x000000000000117c      0x174 ./APP/interrupt/interrupt.o
 .debug_frame   0x00000000000012f0       0x34 ./APP/LED/led.o
 .debug_frame   0x0000000000001324      0x3cc ./APP/LCD/lcd.o
 .debug_frame   0x00000000000016f0       0x60 ./APP/KEY/key.o
 .debug_frame   0x0000000000001750       0x3c ./APP/ASR/asr.o
 .debug_frame   0x000000000000178c       0x54 c:/time/mounriver/mounriver_studio/toolchain/risc-v embedded gcc/bin/../lib/gcc/riscv-none-embed/8.2.0/../../../../riscv-none-embed/lib/rv32imacxw/ilp32\libg_nano.a(lib_a-printf.o)
 .debug_frame   0x00000000000017e0       0x54 c:/time/mounriver/mounriver_studio/toolchain/risc-v embedded gcc/bin/../lib/gcc/riscv-none-embed/8.2.0/../../../../riscv-none-embed/lib/rv32imacxw/ilp32\libg_nano.a(lib_a-puts.o)
 .debug_frame   0x0000000000001834       0x48 c:/time/mounriver/mounriver_studio/toolchain/risc-v embedded gcc/bin/../lib/gcc/riscv-none-embed/8.2.0/../../../../riscv-none-embed/lib/rv32imacxw/ilp32\libg_nano.a(lib_a-vsnprintf.o)
 .debug_frame   0x000000000000187c       0x50 c:/time/mounriver/mounriver_studio/toolchain/risc-v embedded gcc/bin/../lib/gcc/riscv-none-embed/8.2.0/../../../../riscv-none-embed/lib/rv32imacxw/ilp32\libg_nano.a(lib_a-wbuf.o)
 .debug_frame   0x00000000000018cc       0x3c c:/time/mounriver/mounriver_studio/toolchain/risc-v embedded gcc/bin/../lib/gcc/riscv-none-embed/8.2.0/../../../../riscv-none-embed/lib/rv32imacxw/ilp32\libg_nano.a(lib_a-wsetup.o)
 .debug_frame   0x0000000000001908       0x7c c:/time/mounriver/mounriver_studio/toolchain/risc-v embedded gcc/bin/../lib/gcc/riscv-none-embed/8.2.0/../../../../riscv-none-embed/lib/rv32imacxw/ilp32\libg_nano.a(lib_a-fflush.o)
 .debug_frame   0x0000000000001984      0x148 c:/time/mounriver/mounriver_studio/toolchain/risc-v embedded gcc/bin/../lib/gcc/riscv-none-embed/8.2.0/../../../../riscv-none-embed/lib/rv32imacxw/ilp32\libg_nano.a(lib_a-findfp.o)
 .debug_frame   0x0000000000001acc       0x88 c:/time/mounriver/mounriver_studio/toolchain/risc-v embedded gcc/bin/../lib/gcc/riscv-none-embed/8.2.0/../../../../riscv-none-embed/lib/rv32imacxw/ilp32\libg_nano.a(lib_a-fwalk.o)
 .debug_frame   0x0000000000001b54       0x64 c:/time/mounriver/mounriver_studio/toolchain/risc-v embedded gcc/bin/../lib/gcc/riscv-none-embed/8.2.0/../../../../riscv-none-embed/lib/rv32imacxw/ilp32\libg_nano.a(lib_a-makebuf.o)
 .debug_frame   0x0000000000001bb8       0x40 c:/time/mounriver/mounriver_studio/toolchain/risc-v embedded gcc/bin/../lib/gcc/riscv-none-embed/8.2.0/../../../../riscv-none-embed/lib/rv32imacxw/ilp32\libg_nano.a(lib_a-nano-freer.o)
 .debug_frame   0x0000000000001bf8       0x40 c:/time/mounriver/mounriver_studio/toolchain/risc-v embedded gcc/bin/../lib/gcc/riscv-none-embed/8.2.0/../../../../riscv-none-embed/lib/rv32imacxw/ilp32\libg_nano.a(lib_a-nano-mallocr.o)
 .debug_frame   0x0000000000001c38       0xe0 c:/time/mounriver/mounriver_studio/toolchain/risc-v embedded gcc/bin/../lib/gcc/riscv-none-embed/8.2.0/../../../../riscv-none-embed/lib/rv32imacxw/ilp32\libg_nano.a(lib_a-nano-svfprintf.o)
 .debug_frame   0x0000000000001d18       0xd0 c:/time/mounriver/mounriver_studio/toolchain/risc-v embedded gcc/bin/../lib/gcc/riscv-none-embed/8.2.0/../../../../riscv-none-embed/lib/rv32imacxw/ilp32\libg_nano.a(lib_a-nano-vfprintf.o)
 .debug_frame   0x0000000000001de8       0x8c c:/time/mounriver/mounriver_studio/toolchain/risc-v embedded gcc/bin/../lib/gcc/riscv-none-embed/8.2.0/../../../../riscv-none-embed/lib/rv32imacxw/ilp32\libg_nano.a(lib_a-nano-vfprintf_i.o)
 .debug_frame   0x0000000000001e74       0x30 c:/time/mounriver/mounriver_studio/toolchain/risc-v embedded gcc/bin/../lib/gcc/riscv-none-embed/8.2.0/../../../../riscv-none-embed/lib/rv32imacxw/ilp32\libg_nano.a(lib_a-sbrkr.o)
 .debug_frame   0x0000000000001ea4       0xa4 c:/time/mounriver/mounriver_studio/toolchain/risc-v embedded gcc/bin/../lib/gcc/riscv-none-embed/8.2.0/../../../../riscv-none-embed/lib/rv32imacxw/ilp32\libg_nano.a(lib_a-stdio.o)
 .debug_frame   0x0000000000001f48       0x30 c:/time/mounriver/mounriver_studio/toolchain/risc-v embedded gcc/bin/../lib/gcc/riscv-none-embed/8.2.0/../../../../riscv-none-embed/lib/rv32imacxw/ilp32\libg_nano.a(lib_a-writer.o)
 .debug_frame   0x0000000000001f78       0x30 c:/time/mounriver/mounriver_studio/toolchain/risc-v embedded gcc/bin/../lib/gcc/riscv-none-embed/8.2.0/../../../../riscv-none-embed/lib/rv32imacxw/ilp32\libg_nano.a(lib_a-closer.o)
 .debug_frame   0x0000000000001fa8       0x30 c:/time/mounriver/mounriver_studio/toolchain/risc-v embedded gcc/bin/../lib/gcc/riscv-none-embed/8.2.0/../../../../riscv-none-embed/lib/rv32imacxw/ilp32\libg_nano.a(lib_a-fstatr.o)
 .debug_frame   0x0000000000001fd8       0x30 c:/time/mounriver/mounriver_studio/toolchain/risc-v embedded gcc/bin/../lib/gcc/riscv-none-embed/8.2.0/../../../../riscv-none-embed/lib/rv32imacxw/ilp32\libg_nano.a(lib_a-isattyr.o)
 .debug_frame   0x0000000000002008       0x30 c:/time/mounriver/mounriver_studio/toolchain/risc-v embedded gcc/bin/../lib/gcc/riscv-none-embed/8.2.0/../../../../riscv-none-embed/lib/rv32imacxw/ilp32\libg_nano.a(lib_a-lseekr.o)
 .debug_frame   0x0000000000002038       0x20 c:/time/mounriver/mounriver_studio/toolchain/risc-v embedded gcc/bin/../lib/gcc/riscv-none-embed/8.2.0/../../../../riscv-none-embed/lib/rv32imacxw/ilp32\libg_nano.a(lib_a-memchr.o)
 .debug_frame   0x0000000000002058       0x20 c:/time/mounriver/mounriver_studio/toolchain/risc-v embedded gcc/bin/../lib/gcc/riscv-none-embed/8.2.0/../../../../riscv-none-embed/lib/rv32imacxw/ilp32\libg_nano.a(lib_a-memcpy.o)
 .debug_frame   0x0000000000002078       0x20 c:/time/mounriver/mounriver_studio/toolchain/risc-v embedded gcc/bin/../lib/gcc/riscv-none-embed/8.2.0/../../../../riscv-none-embed/lib/rv32imacxw/ilp32\libg_nano.a(lib_a-memmove.o)
 .debug_frame   0x0000000000002098       0x30 c:/time/mounriver/mounriver_studio/toolchain/risc-v embedded gcc/bin/../lib/gcc/riscv-none-embed/8.2.0/../../../../riscv-none-embed/lib/rv32imacxw/ilp32\libg_nano.a(lib_a-mlock.o)
 .debug_frame   0x00000000000020c8       0x40 c:/time/mounriver/mounriver_studio/toolchain/risc-v embedded gcc/bin/../lib/gcc/riscv-none-embed/8.2.0/../../../../riscv-none-embed/lib/rv32imacxw/ilp32\libg_nano.a(lib_a-nano-reallocr.o)
 .debug_frame   0x0000000000002108       0x30 c:/time/mounriver/mounriver_studio/toolchain/risc-v embedded gcc/bin/../lib/gcc/riscv-none-embed/8.2.0/../../../../riscv-none-embed/lib/rv32imacxw/ilp32\libg_nano.a(lib_a-readr.o)
 .debug_frame   0x0000000000002138       0x70 c:/time/mounriver/mounriver_studio/toolchain/risc-v embedded gcc/bin/../lib/gcc/riscv-none-embed/8.2.0/../../../../riscv-none-embed/lib/rv32imacxw/ilp32\libg_nano.a(lib_a-reent.o)
 .debug_frame   0x00000000000021a8       0x20 c:/time/mounriver/mounriver_studio/toolchain/risc-v embedded gcc/bin/../lib/gcc/riscv-none-embed/8.2.0/../../../../riscv-none-embed/lib/rv32imacxw/ilp32\libg_nano.a(lib_a-nano-msizer.o)
 .debug_frame   0x00000000000021c8       0x20 c:/time/mounriver/mounriver_studio/toolchain/risc-v embedded gcc/bin/../lib/gcc/riscv-none-embed/8.2.0/../../../../riscv-none-embed/lib/rv32imacxw/ilp32\libnosys.a(close.o)
 .debug_frame   0x00000000000021e8       0x20 c:/time/mounriver/mounriver_studio/toolchain/risc-v embedded gcc/bin/../lib/gcc/riscv-none-embed/8.2.0/../../../../riscv-none-embed/lib/rv32imacxw/ilp32\libnosys.a(fstat.o)
 .debug_frame   0x0000000000002208       0x20 c:/time/mounriver/mounriver_studio/toolchain/risc-v embedded gcc/bin/../lib/gcc/riscv-none-embed/8.2.0/../../../../riscv-none-embed/lib/rv32imacxw/ilp32\libnosys.a(isatty.o)
 .debug_frame   0x0000000000002228       0x20 c:/time/mounriver/mounriver_studio/toolchain/risc-v embedded gcc/bin/../lib/gcc/riscv-none-embed/8.2.0/../../../../riscv-none-embed/lib/rv32imacxw/ilp32\libnosys.a(lseek.o)
 .debug_frame   0x0000000000002248       0x20 c:/time/mounriver/mounriver_studio/toolchain/risc-v embedded gcc/bin/../lib/gcc/riscv-none-embed/8.2.0/../../../../riscv-none-embed/lib/rv32imacxw/ilp32\libnosys.a(read.o)

.debug_loc      0x0000000000000000     0x51a2
 .debug_loc     0x0000000000000000       0xda ./User/system_ch32v30x.o
 .debug_loc     0x00000000000000da      0x181 ./Peripheral/src/ch32v30x_exti.o
 .debug_loc     0x000000000000025b      0x454 ./Peripheral/src/ch32v30x_fsmc.o
 .debug_loc     0x00000000000006af      0x670 ./Peripheral/src/ch32v30x_gpio.o
 .debug_loc     0x0000000000000d1f       0xce ./Peripheral/src/ch32v30x_misc.o
 .debug_loc     0x0000000000000ded      0xadb ./Peripheral/src/ch32v30x_rcc.o
 .debug_loc     0x00000000000018c8     0x195e ./Peripheral/src/ch32v30x_tim.o
 .debug_loc     0x0000000000003226      0x7bb ./Peripheral/src/ch32v30x_usart.o
 .debug_loc     0x00000000000039e1      0x177 ./Debug/debug.o
 .debug_loc     0x0000000000003b58       0xcb ./APP/showXY/showXY.o
 .debug_loc     0x0000000000003c23     0x1513 ./APP/LCD/lcd.o
 .debug_loc     0x0000000000005136       0x6c ./APP/KEY/key.o

.stab           0x0000000000000000       0x84
 .stab          0x0000000000000000       0x24 c:/time/mounriver/mounriver_studio/toolchain/risc-v embedded gcc/bin/../lib/gcc/riscv-none-embed/8.2.0/../../../../riscv-none-embed/lib/rv32imacxw/ilp32\libnosys.a(close.o)
 .stab          0x0000000000000024       0x18 c:/time/mounriver/mounriver_studio/toolchain/risc-v embedded gcc/bin/../lib/gcc/riscv-none-embed/8.2.0/../../../../riscv-none-embed/lib/rv32imacxw/ilp32\libnosys.a(fstat.o)
                                         0x24 (size before relaxing)
 .stab          0x000000000000003c       0x18 c:/time/mounriver/mounriver_studio/toolchain/risc-v embedded gcc/bin/../lib/gcc/riscv-none-embed/8.2.0/../../../../riscv-none-embed/lib/rv32imacxw/ilp32\libnosys.a(isatty.o)
                                         0x24 (size before relaxing)
 .stab          0x0000000000000054       0x18 c:/time/mounriver/mounriver_studio/toolchain/risc-v embedded gcc/bin/../lib/gcc/riscv-none-embed/8.2.0/../../../../riscv-none-embed/lib/rv32imacxw/ilp32\libnosys.a(lseek.o)
                                         0x24 (size before relaxing)
 .stab          0x000000000000006c       0x18 c:/time/mounriver/mounriver_studio/toolchain/risc-v embedded gcc/bin/../lib/gcc/riscv-none-embed/8.2.0/../../../../riscv-none-embed/lib/rv32imacxw/ilp32\libnosys.a(read.o)
                                         0x24 (size before relaxing)

.stabstr        0x0000000000000000      0x117
 .stabstr       0x0000000000000000      0x117 c:/time/mounriver/mounriver_studio/toolchain/risc-v embedded gcc/bin/../lib/gcc/riscv-none-embed/8.2.0/../../../../riscv-none-embed/lib/rv32imacxw/ilp32\libnosys.a(close.o)
